// Vitest Snapshot v1, https://vitest.dev/guide/snapshot.html

exports[`API endpoint constants > matches the snapshot 1`] = `
{
  "LANGCHAIN_OPENAI_LITE_API_ENDPOINT": "/api/langchain/openai/lite",
  "LANGCHAIN_OPENAI_PREMIUM_API_ENDPOINT": "/api/langchain/openai/premium",
  "LANGCHAIN_OPENAI_REGULAR_API_ENDPOINT": "/api/langchain/openai/regular",
}
`;
