// Vitest Snapshot v1, https://vitest.dev/guide/snapshot.html

exports[`App config constants > matches the latest snapshot 1`] = `
{
  "COLOR_PRIMARY": "#1d242a",
  "SOCIALIFY_PREVIEW_IMAGE_ALT": "Buckeye GPT is an independent AI chatbot making advanced language models freely accessible to Ohio State students",
  "SOCIALIFY_PREVIEW_IMAGE_HEIGHT": 640,
  "SOCIALIFY_PREVIEW_IMAGE_URL": "https://socialify.git.ci/KemingHe/buckeye-gpt/png?description=1&forks=1&issues=1&language=1&logo=https%3A%2F%2Fgithub.com%2FKemingHe%2Fbuckeye-gpt%2Fblob%2Fmain%2Fpublic%2Fimages%2Ftransparent-buckeye-gpt-icon-512x512px.png%3Fraw%3Dtrue&name=1&owner=1&pattern=Plus&pulls=1&stargazers=1&theme=Light",
  "SOCIALIFY_PREVIEW_IMAGE_WIDTH": 1280,
}
`;
